// Jest Snapshot v1, https://goo.gl/fbAQLP

exports[`About should render text in About component 1`] = `
<div
  class="col-span-2"
  data-testid="about-text"
>
  <p>
    Entusiasta das melhores tecnologias de desenvolvimento web & mobile.
  </p>
  <p>
    Comecei a minha jornada profissional por volta do ano de 2015, quando trabalhava em um loja de informatica e um amigo disse pro meu chefe "ele sabe fazer sites!" desde então nunca mais parei de fazer sites (na época era só o carinha do HTML e CSS, mas eu pirava em fazer coisas em Flash com AS3 e JavaScript haha).
  </p>
  <p>
    Hoje estou focado no desenvolvimento web com as tecnologias: Javascript, Typescript, ReactJS, NextJS e NodeJS
  </p>
</div>
`;
